// Jest Snapshot v1, https://goo.gl/fbAQLP

exports[`components/fields/Slider.tsx should render 1`] = `
{
  "asFragment": [Function],
  "baseElement": <body>
    <div>
      <div
        class="flex flex-col"
      >
        <span
          aria-disabled="false"
          class="grid touch-none select-none items-center mb-2 mx-4"
          data-orientation="horizontal"
          dir="ltr"
          style="--radix-slider-thumb-transform: translateX(-50%);"
        >
          <div
            class="flex h-full relative"
          >
            <span
              class="relative h-2 bg-clip-padding dark:bg-white overflow-visible bg-gray-300 rounded-full w-full"
              data-orientation="horizontal"
            >
              <span
                class="absolute h-full bg-blue-500 rounded-full border-x-[6px] border-transparent"
                data-orientation="horizontal"
                style="left: 0%; right: 50%;"
              />
            </span>
            <span
              style="transform: var(--radix-slider-thumb-transform); position: absolute; left: calc(50% + 0px);"
            >
              <span
                aria-orientation="horizontal"
                aria-valuemax="100"
                aria-valuemin="0"
                aria-valuenow="50"
                class="block -mt-1 h-4 w-4 rounded-full border border-blue-500 bg-white shadow transition-colors focus-visible:outline-none focus-visible:ring-1 focus-visible:ring-ring disabled:pointer-events-none disabled:opacity-50"
                data-orientation="horizontal"
                data-radix-collection-item=""
                role="slider"
                style=""
                tabindex="0"
              />
            </span>
          </div>
          <div
            class="relative -mx-3 grow flex flex-row justify-between mt-1"
          >
            <span
              class="text-xs font-light w-10 text-center"
              role="presentation"
            >
              0
            </span>
            <span
              class="text-xs font-light w-10 text-center opacity-40"
              role="presentation"
            >
              |
            </span>
            <span
              class="text-xs font-light w-10 text-center opacity-40"
              role="presentation"
            >
              |
            </span>
            <span
              class="text-xs font-light w-10 text-center opacity-40"
              role="presentation"
            >
              |
            </span>
            <span
              class="text-xs font-light w-10 text-center opacity-40"
              role="presentation"
            >
              |
            </span>
            <span
              class="text-xs font-light w-10 text-center opacity-40"
              role="presentation"
            >
              |
            </span>
            <span
              class="text-xs font-light w-10 text-center opacity-40"
              role="presentation"
            >
              |
            </span>
            <span
              class="text-xs font-light w-10 text-center opacity-40"
              role="presentation"
            >
              |
            </span>
            <span
              class="text-xs font-light w-10 text-center opacity-40"
              role="presentation"
            >
              |
            </span>
            <span
              class="text-xs font-light w-10 text-center opacity-40"
              role="presentation"
            >
              |
            </span>
            <span
              class="text-xs font-light w-10 text-center opacity-40"
              role="presentation"
            >
              |
            </span>
            <span
              class="text-xs font-light w-10 text-center opacity-40"
              role="presentation"
            >
              |
            </span>
            <span
              class="text-xs font-light w-10 text-center opacity-40"
              role="presentation"
            >
              |
            </span>
            <span
              class="text-xs font-light w-10 text-center opacity-40"
              role="presentation"
            >
              |
            </span>
            <span
              class="text-xs font-light w-10 text-center opacity-40"
              role="presentation"
            >
              |
            </span>
            <span
              class="text-xs font-light w-10 text-center opacity-40"
              role="presentation"
            >
              |
            </span>
            <span
              class="text-xs font-light w-10 text-center opacity-40"
              role="presentation"
            >
              |
            </span>
            <span
              class="text-xs font-light w-10 text-center opacity-40"
              role="presentation"
            >
              |
            </span>
            <span
              class="text-xs font-light w-10 text-center opacity-40"
              role="presentation"
            >
              |
            </span>
            <span
              class="text-xs font-light w-10 text-center opacity-40"
              role="presentation"
            >
              |
            </span>
            <span
              class="text-xs font-light w-10 text-center opacity-40"
              role="presentation"
            >
              |
            </span>
            <span
              class="text-xs font-light w-10 text-center opacity-40"
              role="presentation"
            >
              |
            </span>
            <span
              class="text-xs font-light w-10 text-center opacity-40"
              role="presentation"
            >
              |
            </span>
            <span
              class="text-xs font-light w-10 text-center opacity-40"
              role="presentation"
            >
              |
            </span>
            <span
              class="text-xs font-light w-10 text-center opacity-40"
              role="presentation"
            >
              |
            </span>
            <span
              class="text-xs font-light w-10 text-center opacity-40"
              role="presentation"
            >
              |
            </span>
            <span
              class="text-xs font-light w-10 text-center opacity-40"
              role="presentation"
            >
              |
            </span>
            <span
              class="text-xs font-light w-10 text-center opacity-40"
              role="presentation"
            >
              |
            </span>
            <span
              class="text-xs font-light w-10 text-center opacity-40"
              role="presentation"
            >
              |
            </span>
            <span
              class="text-xs font-light w-10 text-center opacity-40"
              role="presentation"
            >
              |
            </span>
            <span
              class="text-xs font-light w-10 text-center opacity-40"
              role="presentation"
            >
              |
            </span>
            <span
              class="text-xs font-light w-10 text-center opacity-40"
              role="presentation"
            >
              |
            </span>
            <span
              class="text-xs font-light w-10 text-center opacity-40"
              role="presentation"
            >
              |
            </span>
            <span
              class="text-xs font-light w-10 text-center opacity-40"
              role="presentation"
            >
              |
            </span>
            <span
              class="text-xs font-light w-10 text-center opacity-40"
              role="presentation"
            >
              |
            </span>
            <span
              class="text-xs font-light w-10 text-center opacity-40"
              role="presentation"
            >
              |
            </span>
            <span
              class="text-xs font-light w-10 text-center opacity-40"
              role="presentation"
            >
              |
            </span>
            <span
              class="text-xs font-light w-10 text-center opacity-40"
              role="presentation"
            >
              |
            </span>
            <span
              class="text-xs font-light w-10 text-center opacity-40"
              role="presentation"
            >
              |
            </span>
            <span
              class="text-xs font-light w-10 text-center opacity-40"
              role="presentation"
            >
              |
            </span>
            <span
              class="text-xs font-light w-10 text-center opacity-40"
              role="presentation"
            >
              |
            </span>
            <span
              class="text-xs font-light w-10 text-center opacity-40"
              role="presentation"
            >
              |
            </span>
            <span
              class="text-xs font-light w-10 text-center opacity-40"
              role="presentation"
            >
              |
            </span>
            <span
              class="text-xs font-light w-10 text-center opacity-40"
              role="presentation"
            >
              |
            </span>
            <span
              class="text-xs font-light w-10 text-center opacity-40"
              role="presentation"
            >
              |
            </span>
            <span
              class="text-xs font-light w-10 text-center opacity-40"
              role="presentation"
            >
              |
            </span>
            <span
              class="text-xs font-light w-10 text-center opacity-40"
              role="presentation"
            >
              |
            </span>
            <span
              class="text-xs font-light w-10 text-center opacity-40"
              role="presentation"
            >
              |
            </span>
            <span
              class="text-xs font-light w-10 text-center opacity-40"
              role="presentation"
            >
              |
            </span>
            <span
              class="text-xs font-light w-10 text-center opacity-40"
              role="presentation"
            >
              |
            </span>
            <span
              class="text-xs font-light w-10 text-center"
              role="presentation"
            >
              50
            </span>
            <span
              class="text-xs font-light w-10 text-center opacity-40"
              role="presentation"
            >
              |
            </span>
            <span
              class="text-xs font-light w-10 text-center opacity-40"
              role="presentation"
            >
              |
            </span>
            <span
              class="text-xs font-light w-10 text-center opacity-40"
              role="presentation"
            >
              |
            </span>
            <span
              class="text-xs font-light w-10 text-center opacity-40"
              role="presentation"
            >
              |
            </span>
            <span
              class="text-xs font-light w-10 text-center opacity-40"
              role="presentation"
            >
              |
            </span>
            <span
              class="text-xs font-light w-10 text-center opacity-40"
              role="presentation"
            >
              |
            </span>
            <span
              class="text-xs font-light w-10 text-center opacity-40"
              role="presentation"
            >
              |
            </span>
            <span
              class="text-xs font-light w-10 text-center opacity-40"
              role="presentation"
            >
              |
            </span>
            <span
              class="text-xs font-light w-10 text-center opacity-40"
              role="presentation"
            >
              |
            </span>
            <span
              class="text-xs font-light w-10 text-center opacity-40"
              role="presentation"
            >
              |
            </span>
            <span
              class="text-xs font-light w-10 text-center opacity-40"
              role="presentation"
            >
              |
            </span>
            <span
              class="text-xs font-light w-10 text-center opacity-40"
              role="presentation"
            >
              |
            </span>
            <span
              class="text-xs font-light w-10 text-center opacity-40"
              role="presentation"
            >
              |
            </span>
            <span
              class="text-xs font-light w-10 text-center opacity-40"
              role="presentation"
            >
              |
            </span>
            <span
              class="text-xs font-light w-10 text-center opacity-40"
              role="presentation"
            >
              |
            </span>
            <span
              class="text-xs font-light w-10 text-center opacity-40"
              role="presentation"
            >
              |
            </span>
            <span
              class="text-xs font-light w-10 text-center opacity-40"
              role="presentation"
            >
              |
            </span>
            <span
              class="text-xs font-light w-10 text-center opacity-40"
              role="presentation"
            >
              |
            </span>
            <span
              class="text-xs font-light w-10 text-center opacity-40"
              role="presentation"
            >
              |
            </span>
            <span
              class="text-xs font-light w-10 text-center opacity-40"
              role="presentation"
            >
              |
            </span>
            <span
              class="text-xs font-light w-10 text-center opacity-40"
              role="presentation"
            >
              |
            </span>
            <span
              class="text-xs font-light w-10 text-center opacity-40"
              role="presentation"
            >
              |
            </span>
            <span
              class="text-xs font-light w-10 text-center opacity-40"
              role="presentation"
            >
              |
            </span>
            <span
              class="text-xs font-light w-10 text-center opacity-40"
              role="presentation"
            >
              |
            </span>
            <span
              class="text-xs font-light w-10 text-center opacity-40"
              role="presentation"
            >
              |
            </span>
            <span
              class="text-xs font-light w-10 text-center opacity-40"
              role="presentation"
            >
              |
            </span>
            <span
              class="text-xs font-light w-10 text-center opacity-40"
              role="presentation"
            >
              |
            </span>
            <span
              class="text-xs font-light w-10 text-center opacity-40"
              role="presentation"
            >
              |
            </span>
            <span
              class="text-xs font-light w-10 text-center opacity-40"
              role="presentation"
            >
              |
            </span>
            <span
              class="text-xs font-light w-10 text-center opacity-40"
              role="presentation"
            >
              |
            </span>
            <span
              class="text-xs font-light w-10 text-center opacity-40"
              role="presentation"
            >
              |
            </span>
            <span
              class="text-xs font-light w-10 text-center opacity-40"
              role="presentation"
            >
              |
            </span>
            <span
              class="text-xs font-light w-10 text-center opacity-40"
              role="presentation"
            >
              |
            </span>
            <span
              class="text-xs font-light w-10 text-center opacity-40"
              role="presentation"
            >
              |
            </span>
            <span
              class="text-xs font-light w-10 text-center opacity-40"
              role="presentation"
            >
              |
            </span>
            <span
              class="text-xs font-light w-10 text-center opacity-40"
              role="presentation"
            >
              |
            </span>
            <span
              class="text-xs font-light w-10 text-center opacity-40"
              role="presentation"
            >
              |
            </span>
            <span
              class="text-xs font-light w-10 text-center opacity-40"
              role="presentation"
            >
              |
            </span>
            <span
              class="text-xs font-light w-10 text-center opacity-40"
              role="presentation"
            >
              |
            </span>
            <span
              class="text-xs font-light w-10 text-center opacity-40"
              role="presentation"
            >
              |
            </span>
            <span
              class="text-xs font-light w-10 text-center opacity-40"
              role="presentation"
            >
              |
            </span>
            <span
              class="text-xs font-light w-10 text-center opacity-40"
              role="presentation"
            >
              |
            </span>
            <span
              class="text-xs font-light w-10 text-center opacity-40"
              role="presentation"
            >
              |
            </span>
            <span
              class="text-xs font-light w-10 text-center opacity-40"
              role="presentation"
            >
              |
            </span>
            <span
              class="text-xs font-light w-10 text-center opacity-40"
              role="presentation"
            >
              |
            </span>
            <span
              class="text-xs font-light w-10 text-center opacity-40"
              role="presentation"
            >
              |
            </span>
            <span
              class="text-xs font-light w-10 text-center opacity-40"
              role="presentation"
            >
              |
            </span>
            <span
              class="text-xs font-light w-10 text-center opacity-40"
              role="presentation"
            >
              |
            </span>
            <span
              class="text-xs font-light w-10 text-center opacity-40"
              role="presentation"
            >
              |
            </span>
            <span
              class="text-xs font-light w-10 text-center"
              role="presentation"
            >
              100
            </span>
          </div>
        </span>
      </div>
    </div>
  </body>,
  "container": <div>
    <div
      class="flex flex-col"
    >
      <span
        aria-disabled="false"
        class="grid touch-none select-none items-center mb-2 mx-4"
        data-orientation="horizontal"
        dir="ltr"
        style="--radix-slider-thumb-transform: translateX(-50%);"
      >
        <div
          class="flex h-full relative"
        >
          <span
            class="relative h-2 bg-clip-padding dark:bg-white overflow-visible bg-gray-300 rounded-full w-full"
            data-orientation="horizontal"
          >
            <span
              class="absolute h-full bg-blue-500 rounded-full border-x-[6px] border-transparent"
              data-orientation="horizontal"
              style="left: 0%; right: 50%;"
            />
          </span>
          <span
            style="transform: var(--radix-slider-thumb-transform); position: absolute; left: calc(50% + 0px);"
          >
            <span
              aria-orientation="horizontal"
              aria-valuemax="100"
              aria-valuemin="0"
              aria-valuenow="50"
              class="block -mt-1 h-4 w-4 rounded-full border border-blue-500 bg-white shadow transition-colors focus-visible:outline-none focus-visible:ring-1 focus-visible:ring-ring disabled:pointer-events-none disabled:opacity-50"
              data-orientation="horizontal"
              data-radix-collection-item=""
              role="slider"
              style=""
              tabindex="0"
            />
          </span>
        </div>
        <div
          class="relative -mx-3 grow flex flex-row justify-between mt-1"
        >
          <span
            class="text-xs font-light w-10 text-center"
            role="presentation"
          >
            0
          </span>
          <span
            class="text-xs font-light w-10 text-center opacity-40"
            role="presentation"
          >
            |
          </span>
          <span
            class="text-xs font-light w-10 text-center opacity-40"
            role="presentation"
          >
            |
          </span>
          <span
            class="text-xs font-light w-10 text-center opacity-40"
            role="presentation"
          >
            |
          </span>
          <span
            class="text-xs font-light w-10 text-center opacity-40"
            role="presentation"
          >
            |
          </span>
          <span
            class="text-xs font-light w-10 text-center opacity-40"
            role="presentation"
          >
            |
          </span>
          <span
            class="text-xs font-light w-10 text-center opacity-40"
            role="presentation"
          >
            |
          </span>
          <span
            class="text-xs font-light w-10 text-center opacity-40"
            role="presentation"
          >
            |
          </span>
          <span
            class="text-xs font-light w-10 text-center opacity-40"
            role="presentation"
          >
            |
          </span>
          <span
            class="text-xs font-light w-10 text-center opacity-40"
            role="presentation"
          >
            |
          </span>
          <span
            class="text-xs font-light w-10 text-center opacity-40"
            role="presentation"
          >
            |
          </span>
          <span
            class="text-xs font-light w-10 text-center opacity-40"
            role="presentation"
          >
            |
          </span>
          <span
            class="text-xs font-light w-10 text-center opacity-40"
            role="presentation"
          >
            |
          </span>
          <span
            class="text-xs font-light w-10 text-center opacity-40"
            role="presentation"
          >
            |
          </span>
          <span
            class="text-xs font-light w-10 text-center opacity-40"
            role="presentation"
          >
            |
          </span>
          <span
            class="text-xs font-light w-10 text-center opacity-40"
            role="presentation"
          >
            |
          </span>
          <span
            class="text-xs font-light w-10 text-center opacity-40"
            role="presentation"
          >
            |
          </span>
          <span
            class="text-xs font-light w-10 text-center opacity-40"
            role="presentation"
          >
            |
          </span>
          <span
            class="text-xs font-light w-10 text-center opacity-40"
            role="presentation"
          >
            |
          </span>
          <span
            class="text-xs font-light w-10 text-center opacity-40"
            role="presentation"
          >
            |
          </span>
          <span
            class="text-xs font-light w-10 text-center opacity-40"
            role="presentation"
          >
            |
          </span>
          <span
            class="text-xs font-light w-10 text-center opacity-40"
            role="presentation"
          >
            |
          </span>
          <span
            class="text-xs font-light w-10 text-center opacity-40"
            role="presentation"
          >
            |
          </span>
          <span
            class="text-xs font-light w-10 text-center opacity-40"
            role="presentation"
          >
            |
          </span>
          <span
            class="text-xs font-light w-10 text-center opacity-40"
            role="presentation"
          >
            |
          </span>
          <span
            class="text-xs font-light w-10 text-center opacity-40"
            role="presentation"
          >
            |
          </span>
          <span
            class="text-xs font-light w-10 text-center opacity-40"
            role="presentation"
          >
            |
          </span>
          <span
            class="text-xs font-light w-10 text-center opacity-40"
            role="presentation"
          >
            |
          </span>
          <span
            class="text-xs font-light w-10 text-center opacity-40"
            role="presentation"
          >
            |
          </span>
          <span
            class="text-xs font-light w-10 text-center opacity-40"
            role="presentation"
          >
            |
          </span>
          <span
            class="text-xs font-light w-10 text-center opacity-40"
            role="presentation"
          >
            |
          </span>
          <span
            class="text-xs font-light w-10 text-center opacity-40"
            role="presentation"
          >
            |
          </span>
          <span
            class="text-xs font-light w-10 text-center opacity-40"
            role="presentation"
          >
            |
          </span>
          <span
            class="text-xs font-light w-10 text-center opacity-40"
            role="presentation"
          >
            |
          </span>
          <span
            class="text-xs font-light w-10 text-center opacity-40"
            role="presentation"
          >
            |
          </span>
          <span
            class="text-xs font-light w-10 text-center opacity-40"
            role="presentation"
          >
            |
          </span>
          <span
            class="text-xs font-light w-10 text-center opacity-40"
            role="presentation"
          >
            |
          </span>
          <span
            class="text-xs font-light w-10 text-center opacity-40"
            role="presentation"
          >
            |
          </span>
          <span
            class="text-xs font-light w-10 text-center opacity-40"
            role="presentation"
          >
            |
          </span>
          <span
            class="text-xs font-light w-10 text-center opacity-40"
            role="presentation"
          >
            |
          </span>
          <span
            class="text-xs font-light w-10 text-center opacity-40"
            role="presentation"
          >
            |
          </span>
          <span
            class="text-xs font-light w-10 text-center opacity-40"
            role="presentation"
          >
            |
          </span>
          <span
            class="text-xs font-light w-10 text-center opacity-40"
            role="presentation"
          >
            |
          </span>
          <span
            class="text-xs font-light w-10 text-center opacity-40"
            role="presentation"
          >
            |
          </span>
          <span
            class="text-xs font-light w-10 text-center opacity-40"
            role="presentation"
          >
            |
          </span>
          <span
            class="text-xs font-light w-10 text-center opacity-40"
            role="presentation"
          >
            |
          </span>
          <span
            class="text-xs font-light w-10 text-center opacity-40"
            role="presentation"
          >
            |
          </span>
          <span
            class="text-xs font-light w-10 text-center opacity-40"
            role="presentation"
          >
            |
          </span>
          <span
            class="text-xs font-light w-10 text-center opacity-40"
            role="presentation"
          >
            |
          </span>
          <span
            class="text-xs font-light w-10 text-center opacity-40"
            role="presentation"
          >
            |
          </span>
          <span
            class="text-xs font-light w-10 text-center"
            role="presentation"
          >
            50
          </span>
          <span
            class="text-xs font-light w-10 text-center opacity-40"
            role="presentation"
          >
            |
          </span>
          <span
            class="text-xs font-light w-10 text-center opacity-40"
            role="presentation"
          >
            |
          </span>
          <span
            class="text-xs font-light w-10 text-center opacity-40"
            role="presentation"
          >
            |
          </span>
          <span
            class="text-xs font-light w-10 text-center opacity-40"
            role="presentation"
          >
            |
          </span>
          <span
            class="text-xs font-light w-10 text-center opacity-40"
            role="presentation"
          >
            |
          </span>
          <span
            class="text-xs font-light w-10 text-center opacity-40"
            role="presentation"
          >
            |
          </span>
          <span
            class="text-xs font-light w-10 text-center opacity-40"
            role="presentation"
          >
            |
          </span>
          <span
            class="text-xs font-light w-10 text-center opacity-40"
            role="presentation"
          >
            |
          </span>
          <span
            class="text-xs font-light w-10 text-center opacity-40"
            role="presentation"
          >
            |
          </span>
          <span
            class="text-xs font-light w-10 text-center opacity-40"
            role="presentation"
          >
            |
          </span>
          <span
            class="text-xs font-light w-10 text-center opacity-40"
            role="presentation"
          >
            |
          </span>
          <span
            class="text-xs font-light w-10 text-center opacity-40"
            role="presentation"
          >
            |
          </span>
          <span
            class="text-xs font-light w-10 text-center opacity-40"
            role="presentation"
          >
            |
          </span>
          <span
            class="text-xs font-light w-10 text-center opacity-40"
            role="presentation"
          >
            |
          </span>
          <span
            class="text-xs font-light w-10 text-center opacity-40"
            role="presentation"
          >
            |
          </span>
          <span
            class="text-xs font-light w-10 text-center opacity-40"
            role="presentation"
          >
            |
          </span>
          <span
            class="text-xs font-light w-10 text-center opacity-40"
            role="presentation"
          >
            |
          </span>
          <span
            class="text-xs font-light w-10 text-center opacity-40"
            role="presentation"
          >
            |
          </span>
          <span
            class="text-xs font-light w-10 text-center opacity-40"
            role="presentation"
          >
            |
          </span>
          <span
            class="text-xs font-light w-10 text-center opacity-40"
            role="presentation"
          >
            |
          </span>
          <span
            class="text-xs font-light w-10 text-center opacity-40"
            role="presentation"
          >
            |
          </span>
          <span
            class="text-xs font-light w-10 text-center opacity-40"
            role="presentation"
          >
            |
          </span>
          <span
            class="text-xs font-light w-10 text-center opacity-40"
            role="presentation"
          >
            |
          </span>
          <span
            class="text-xs font-light w-10 text-center opacity-40"
            role="presentation"
          >
            |
          </span>
          <span
            class="text-xs font-light w-10 text-center opacity-40"
            role="presentation"
          >
            |
          </span>
          <span
            class="text-xs font-light w-10 text-center opacity-40"
            role="presentation"
          >
            |
          </span>
          <span
            class="text-xs font-light w-10 text-center opacity-40"
            role="presentation"
          >
            |
          </span>
          <span
            class="text-xs font-light w-10 text-center opacity-40"
            role="presentation"
          >
            |
          </span>
          <span
            class="text-xs font-light w-10 text-center opacity-40"
            role="presentation"
          >
            |
          </span>
          <span
            class="text-xs font-light w-10 text-center opacity-40"
            role="presentation"
          >
            |
          </span>
          <span
            class="text-xs font-light w-10 text-center opacity-40"
            role="presentation"
          >
            |
          </span>
          <span
            class="text-xs font-light w-10 text-center opacity-40"
            role="presentation"
          >
            |
          </span>
          <span
            class="text-xs font-light w-10 text-center opacity-40"
            role="presentation"
          >
            |
          </span>
          <span
            class="text-xs font-light w-10 text-center opacity-40"
            role="presentation"
          >
            |
          </span>
          <span
            class="text-xs font-light w-10 text-center opacity-40"
            role="presentation"
          >
            |
          </span>
          <span
            class="text-xs font-light w-10 text-center opacity-40"
            role="presentation"
          >
            |
          </span>
          <span
            class="text-xs font-light w-10 text-center opacity-40"
            role="presentation"
          >
            |
          </span>
          <span
            class="text-xs font-light w-10 text-center opacity-40"
            role="presentation"
          >
            |
          </span>
          <span
            class="text-xs font-light w-10 text-center opacity-40"
            role="presentation"
          >
            |
          </span>
          <span
            class="text-xs font-light w-10 text-center opacity-40"
            role="presentation"
          >
            |
          </span>
          <span
            class="text-xs font-light w-10 text-center opacity-40"
            role="presentation"
          >
            |
          </span>
          <span
            class="text-xs font-light w-10 text-center opacity-40"
            role="presentation"
          >
            |
          </span>
          <span
            class="text-xs font-light w-10 text-center opacity-40"
            role="presentation"
          >
            |
          </span>
          <span
            class="text-xs font-light w-10 text-center opacity-40"
            role="presentation"
          >
            |
          </span>
          <span
            class="text-xs font-light w-10 text-center opacity-40"
            role="presentation"
          >
            |
          </span>
          <span
            class="text-xs font-light w-10 text-center opacity-40"
            role="presentation"
          >
            |
          </span>
          <span
            class="text-xs font-light w-10 text-center opacity-40"
            role="presentation"
          >
            |
          </span>
          <span
            class="text-xs font-light w-10 text-center opacity-40"
            role="presentation"
          >
            |
          </span>
          <span
            class="text-xs font-light w-10 text-center opacity-40"
            role="presentation"
          >
            |
          </span>
          <span
            class="text-xs font-light w-10 text-center"
            role="presentation"
          >
            100
          </span>
        </div>
      </span>
    </div>
  </div>,
  "debug": [Function],
  "findAllByAltText": [Function],
  "findAllByDisplayValue": [Function],
  "findAllByLabelText": [Function],
  "findAllByPlaceholderText": [Function],
  "findAllByRole": [Function],
  "findAllByTestId": [Function],
  "findAllByText": [Function],
  "findAllByTitle": [Function],
  "findByAltText": [Function],
  "findByDisplayValue": [Function],
  "findByLabelText": [Function],
  "findByPlaceholderText": [Function],
  "findByRole": [Function],
  "findByTestId": [Function],
  "findByText": [Function],
  "findByTitle": [Function],
  "getAllByAltText": [Function],
  "getAllByDisplayValue": [Function],
  "getAllByLabelText": [Function],
  "getAllByPlaceholderText": [Function],
  "getAllByRole": [Function],
  "getAllByTestId": [Function],
  "getAllByText": [Function],
  "getAllByTitle": [Function],
  "getByAltText": [Function],
  "getByDisplayValue": [Function],
  "getByLabelText": [Function],
  "getByPlaceholderText": [Function],
  "getByRole": [Function],
  "getByTestId": [Function],
  "getByText": [Function],
  "getByTitle": [Function],
  "queryAllByAltText": [Function],
  "queryAllByDisplayValue": [Function],
  "queryAllByLabelText": [Function],
  "queryAllByPlaceholderText": [Function],
  "queryAllByRole": [Function],
  "queryAllByTestId": [Function],
  "queryAllByText": [Function],
  "queryAllByTitle": [Function],
  "queryByAltText": [Function],
  "queryByDisplayValue": [Function],
  "queryByLabelText": [Function],
  "queryByPlaceholderText": [Function],
  "queryByRole": [Function],
  "queryByTestId": [Function],
  "queryByText": [Function],
  "queryByTitle": [Function],
  "rerender": [Function],
  "unmount": [Function],
}
`;

exports[`components/fields/Slider.tsx should render with a name 1`] = `
{
  "asFragment": [Function],
  "baseElement": <body>
    <div>
      <div
        class="flex flex-col"
      >
        <label
          class="text-sm font-medium text-gray-700 dark:text-gray-200 mb-2"
          for="slider"
        >
          slider
          :
        </label>
        <span
          aria-disabled="false"
          class="grid touch-none select-none items-center mb-2 mx-4"
          data-orientation="horizontal"
          dir="ltr"
          style="--radix-slider-thumb-transform: translateX(-50%);"
        >
          <div
            class="flex h-full relative"
          >
            <span
              class="relative h-2 bg-clip-padding dark:bg-white overflow-visible bg-gray-300 rounded-full w-full"
              data-orientation="horizontal"
            >
              <span
                class="absolute h-full bg-blue-500 rounded-full border-x-[6px] border-transparent"
                data-orientation="horizontal"
                style="left: 0%; right: 50%;"
              />
            </span>
            <span
              style="transform: var(--radix-slider-thumb-transform); position: absolute; left: calc(50% + 0px);"
            >
              <span
                aria-orientation="horizontal"
                aria-valuemax="100"
                aria-valuemin="0"
                aria-valuenow="50"
                class="block -mt-1 h-4 w-4 rounded-full border border-blue-500 bg-white shadow transition-colors focus-visible:outline-none focus-visible:ring-1 focus-visible:ring-ring disabled:pointer-events-none disabled:opacity-50"
                data-orientation="horizontal"
                data-radix-collection-item=""
                role="slider"
                style=""
                tabindex="0"
              />
            </span>
          </div>
          <div
            class="relative -mx-3 grow flex flex-row justify-between mt-1"
          >
            <span
              class="text-xs font-light w-10 text-center"
              role="presentation"
            >
              0
            </span>
            <span
              class="text-xs font-light w-10 text-center opacity-40"
              role="presentation"
            >
              |
            </span>
            <span
              class="text-xs font-light w-10 text-center opacity-40"
              role="presentation"
            >
              |
            </span>
            <span
              class="text-xs font-light w-10 text-center opacity-40"
              role="presentation"
            >
              |
            </span>
            <span
              class="text-xs font-light w-10 text-center opacity-40"
              role="presentation"
            >
              |
            </span>
            <span
              class="text-xs font-light w-10 text-center opacity-40"
              role="presentation"
            >
              |
            </span>
            <span
              class="text-xs font-light w-10 text-center opacity-40"
              role="presentation"
            >
              |
            </span>
            <span
              class="text-xs font-light w-10 text-center opacity-40"
              role="presentation"
            >
              |
            </span>
            <span
              class="text-xs font-light w-10 text-center opacity-40"
              role="presentation"
            >
              |
            </span>
            <span
              class="text-xs font-light w-10 text-center opacity-40"
              role="presentation"
            >
              |
            </span>
            <span
              class="text-xs font-light w-10 text-center opacity-40"
              role="presentation"
            >
              |
            </span>
            <span
              class="text-xs font-light w-10 text-center opacity-40"
              role="presentation"
            >
              |
            </span>
            <span
              class="text-xs font-light w-10 text-center opacity-40"
              role="presentation"
            >
              |
            </span>
            <span
              class="text-xs font-light w-10 text-center opacity-40"
              role="presentation"
            >
              |
            </span>
            <span
              class="text-xs font-light w-10 text-center opacity-40"
              role="presentation"
            >
              |
            </span>
            <span
              class="text-xs font-light w-10 text-center opacity-40"
              role="presentation"
            >
              |
            </span>
            <span
              class="text-xs font-light w-10 text-center opacity-40"
              role="presentation"
            >
              |
            </span>
            <span
              class="text-xs font-light w-10 text-center opacity-40"
              role="presentation"
            >
              |
            </span>
            <span
              class="text-xs font-light w-10 text-center opacity-40"
              role="presentation"
            >
              |
            </span>
            <span
              class="text-xs font-light w-10 text-center opacity-40"
              role="presentation"
            >
              |
            </span>
            <span
              class="text-xs font-light w-10 text-center opacity-40"
              role="presentation"
            >
              |
            </span>
            <span
              class="text-xs font-light w-10 text-center opacity-40"
              role="presentation"
            >
              |
            </span>
            <span
              class="text-xs font-light w-10 text-center opacity-40"
              role="presentation"
            >
              |
            </span>
            <span
              class="text-xs font-light w-10 text-center opacity-40"
              role="presentation"
            >
              |
            </span>
            <span
              class="text-xs font-light w-10 text-center opacity-40"
              role="presentation"
            >
              |
            </span>
            <span
              class="text-xs font-light w-10 text-center opacity-40"
              role="presentation"
            >
              |
            </span>
            <span
              class="text-xs font-light w-10 text-center opacity-40"
              role="presentation"
            >
              |
            </span>
            <span
              class="text-xs font-light w-10 text-center opacity-40"
              role="presentation"
            >
              |
            </span>
            <span
              class="text-xs font-light w-10 text-center opacity-40"
              role="presentation"
            >
              |
            </span>
            <span
              class="text-xs font-light w-10 text-center opacity-40"
              role="presentation"
            >
              |
            </span>
            <span
              class="text-xs font-light w-10 text-center opacity-40"
              role="presentation"
            >
              |
            </span>
            <span
              class="text-xs font-light w-10 text-center opacity-40"
              role="presentation"
            >
              |
            </span>
            <span
              class="text-xs font-light w-10 text-center opacity-40"
              role="presentation"
            >
              |
            </span>
            <span
              class="text-xs font-light w-10 text-center opacity-40"
              role="presentation"
            >
              |
            </span>
            <span
              class="text-xs font-light w-10 text-center opacity-40"
              role="presentation"
            >
              |
            </span>
            <span
              class="text-xs font-light w-10 text-center opacity-40"
              role="presentation"
            >
              |
            </span>
            <span
              class="text-xs font-light w-10 text-center opacity-40"
              role="presentation"
            >
              |
            </span>
            <span
              class="text-xs font-light w-10 text-center opacity-40"
              role="presentation"
            >
              |
            </span>
            <span
              class="text-xs font-light w-10 text-center opacity-40"
              role="presentation"
            >
              |
            </span>
            <span
              class="text-xs font-light w-10 text-center opacity-40"
              role="presentation"
            >
              |
            </span>
            <span
              class="text-xs font-light w-10 text-center opacity-40"
              role="presentation"
            >
              |
            </span>
            <span
              class="text-xs font-light w-10 text-center opacity-40"
              role="presentation"
            >
              |
            </span>
            <span
              class="text-xs font-light w-10 text-center opacity-40"
              role="presentation"
            >
              |
            </span>
            <span
              class="text-xs font-light w-10 text-center opacity-40"
              role="presentation"
            >
              |
            </span>
            <span
              class="text-xs font-light w-10 text-center opacity-40"
              role="presentation"
            >
              |
            </span>
            <span
              class="text-xs font-light w-10 text-center opacity-40"
              role="presentation"
            >
              |
            </span>
            <span
              class="text-xs font-light w-10 text-center opacity-40"
              role="presentation"
            >
              |
            </span>
            <span
              class="text-xs font-light w-10 text-center opacity-40"
              role="presentation"
            >
              |
            </span>
            <span
              class="text-xs font-light w-10 text-center opacity-40"
              role="presentation"
            >
              |
            </span>
            <span
              class="text-xs font-light w-10 text-center opacity-40"
              role="presentation"
            >
              |
            </span>
            <span
              class="text-xs font-light w-10 text-center"
              role="presentation"
            >
              50
            </span>
            <span
              class="text-xs font-light w-10 text-center opacity-40"
              role="presentation"
            >
              |
            </span>
            <span
              class="text-xs font-light w-10 text-center opacity-40"
              role="presentation"
            >
              |
            </span>
            <span
              class="text-xs font-light w-10 text-center opacity-40"
              role="presentation"
            >
              |
            </span>
            <span
              class="text-xs font-light w-10 text-center opacity-40"
              role="presentation"
            >
              |
            </span>
            <span
              class="text-xs font-light w-10 text-center opacity-40"
              role="presentation"
            >
              |
            </span>
            <span
              class="text-xs font-light w-10 text-center opacity-40"
              role="presentation"
            >
              |
            </span>
            <span
              class="text-xs font-light w-10 text-center opacity-40"
              role="presentation"
            >
              |
            </span>
            <span
              class="text-xs font-light w-10 text-center opacity-40"
              role="presentation"
            >
              |
            </span>
            <span
              class="text-xs font-light w-10 text-center opacity-40"
              role="presentation"
            >
              |
            </span>
            <span
              class="text-xs font-light w-10 text-center opacity-40"
              role="presentation"
            >
              |
            </span>
            <span
              class="text-xs font-light w-10 text-center opacity-40"
              role="presentation"
            >
              |
            </span>
            <span
              class="text-xs font-light w-10 text-center opacity-40"
              role="presentation"
            >
              |
            </span>
            <span
              class="text-xs font-light w-10 text-center opacity-40"
              role="presentation"
            >
              |
            </span>
            <span
              class="text-xs font-light w-10 text-center opacity-40"
              role="presentation"
            >
              |
            </span>
            <span
              class="text-xs font-light w-10 text-center opacity-40"
              role="presentation"
            >
              |
            </span>
            <span
              class="text-xs font-light w-10 text-center opacity-40"
              role="presentation"
            >
              |
            </span>
            <span
              class="text-xs font-light w-10 text-center opacity-40"
              role="presentation"
            >
              |
            </span>
            <span
              class="text-xs font-light w-10 text-center opacity-40"
              role="presentation"
            >
              |
            </span>
            <span
              class="text-xs font-light w-10 text-center opacity-40"
              role="presentation"
            >
              |
            </span>
            <span
              class="text-xs font-light w-10 text-center opacity-40"
              role="presentation"
            >
              |
            </span>
            <span
              class="text-xs font-light w-10 text-center opacity-40"
              role="presentation"
            >
              |
            </span>
            <span
              class="text-xs font-light w-10 text-center opacity-40"
              role="presentation"
            >
              |
            </span>
            <span
              class="text-xs font-light w-10 text-center opacity-40"
              role="presentation"
            >
              |
            </span>
            <span
              class="text-xs font-light w-10 text-center opacity-40"
              role="presentation"
            >
              |
            </span>
            <span
              class="text-xs font-light w-10 text-center opacity-40"
              role="presentation"
            >
              |
            </span>
            <span
              class="text-xs font-light w-10 text-center opacity-40"
              role="presentation"
            >
              |
            </span>
            <span
              class="text-xs font-light w-10 text-center opacity-40"
              role="presentation"
            >
              |
            </span>
            <span
              class="text-xs font-light w-10 text-center opacity-40"
              role="presentation"
            >
              |
            </span>
            <span
              class="text-xs font-light w-10 text-center opacity-40"
              role="presentation"
            >
              |
            </span>
            <span
              class="text-xs font-light w-10 text-center opacity-40"
              role="presentation"
            >
              |
            </span>
            <span
              class="text-xs font-light w-10 text-center opacity-40"
              role="presentation"
            >
              |
            </span>
            <span
              class="text-xs font-light w-10 text-center opacity-40"
              role="presentation"
            >
              |
            </span>
            <span
              class="text-xs font-light w-10 text-center opacity-40"
              role="presentation"
            >
              |
            </span>
            <span
              class="text-xs font-light w-10 text-center opacity-40"
              role="presentation"
            >
              |
            </span>
            <span
              class="text-xs font-light w-10 text-center opacity-40"
              role="presentation"
            >
              |
            </span>
            <span
              class="text-xs font-light w-10 text-center opacity-40"
              role="presentation"
            >
              |
            </span>
            <span
              class="text-xs font-light w-10 text-center opacity-40"
              role="presentation"
            >
              |
            </span>
            <span
              class="text-xs font-light w-10 text-center opacity-40"
              role="presentation"
            >
              |
            </span>
            <span
              class="text-xs font-light w-10 text-center opacity-40"
              role="presentation"
            >
              |
            </span>
            <span
              class="text-xs font-light w-10 text-center opacity-40"
              role="presentation"
            >
              |
            </span>
            <span
              class="text-xs font-light w-10 text-center opacity-40"
              role="presentation"
            >
              |
            </span>
            <span
              class="text-xs font-light w-10 text-center opacity-40"
              role="presentation"
            >
              |
            </span>
            <span
              class="text-xs font-light w-10 text-center opacity-40"
              role="presentation"
            >
              |
            </span>
            <span
              class="text-xs font-light w-10 text-center opacity-40"
              role="presentation"
            >
              |
            </span>
            <span
              class="text-xs font-light w-10 text-center opacity-40"
              role="presentation"
            >
              |
            </span>
            <span
              class="text-xs font-light w-10 text-center opacity-40"
              role="presentation"
            >
              |
            </span>
            <span
              class="text-xs font-light w-10 text-center opacity-40"
              role="presentation"
            >
              |
            </span>
            <span
              class="text-xs font-light w-10 text-center opacity-40"
              role="presentation"
            >
              |
            </span>
            <span
              class="text-xs font-light w-10 text-center opacity-40"
              role="presentation"
            >
              |
            </span>
            <span
              class="text-xs font-light w-10 text-center"
              role="presentation"
            >
              100
            </span>
          </div>
        </span>
      </div>
    </div>
  </body>,
  "container": <div>
    <div
      class="flex flex-col"
    >
      <label
        class="text-sm font-medium text-gray-700 dark:text-gray-200 mb-2"
        for="slider"
      >
        slider
        :
      </label>
      <span
        aria-disabled="false"
        class="grid touch-none select-none items-center mb-2 mx-4"
        data-orientation="horizontal"
        dir="ltr"
        style="--radix-slider-thumb-transform: translateX(-50%);"
      >
        <div
          class="flex h-full relative"
        >
          <span
            class="relative h-2 bg-clip-padding dark:bg-white overflow-visible bg-gray-300 rounded-full w-full"
            data-orientation="horizontal"
          >
            <span
              class="absolute h-full bg-blue-500 rounded-full border-x-[6px] border-transparent"
              data-orientation="horizontal"
              style="left: 0%; right: 50%;"
            />
          </span>
          <span
            style="transform: var(--radix-slider-thumb-transform); position: absolute; left: calc(50% + 0px);"
          >
            <span
              aria-orientation="horizontal"
              aria-valuemax="100"
              aria-valuemin="0"
              aria-valuenow="50"
              class="block -mt-1 h-4 w-4 rounded-full border border-blue-500 bg-white shadow transition-colors focus-visible:outline-none focus-visible:ring-1 focus-visible:ring-ring disabled:pointer-events-none disabled:opacity-50"
              data-orientation="horizontal"
              data-radix-collection-item=""
              role="slider"
              style=""
              tabindex="0"
            />
          </span>
        </div>
        <div
          class="relative -mx-3 grow flex flex-row justify-between mt-1"
        >
          <span
            class="text-xs font-light w-10 text-center"
            role="presentation"
          >
            0
          </span>
          <span
            class="text-xs font-light w-10 text-center opacity-40"
            role="presentation"
          >
            |
          </span>
          <span
            class="text-xs font-light w-10 text-center opacity-40"
            role="presentation"
          >
            |
          </span>
          <span
            class="text-xs font-light w-10 text-center opacity-40"
            role="presentation"
          >
            |
          </span>
          <span
            class="text-xs font-light w-10 text-center opacity-40"
            role="presentation"
          >
            |
          </span>
          <span
            class="text-xs font-light w-10 text-center opacity-40"
            role="presentation"
          >
            |
          </span>
          <span
            class="text-xs font-light w-10 text-center opacity-40"
            role="presentation"
          >
            |
          </span>
          <span
            class="text-xs font-light w-10 text-center opacity-40"
            role="presentation"
          >
            |
          </span>
          <span
            class="text-xs font-light w-10 text-center opacity-40"
            role="presentation"
          >
            |
          </span>
          <span
            class="text-xs font-light w-10 text-center opacity-40"
            role="presentation"
          >
            |
          </span>
          <span
            class="text-xs font-light w-10 text-center opacity-40"
            role="presentation"
          >
            |
          </span>
          <span
            class="text-xs font-light w-10 text-center opacity-40"
            role="presentation"
          >
            |
          </span>
          <span
            class="text-xs font-light w-10 text-center opacity-40"
            role="presentation"
          >
            |
          </span>
          <span
            class="text-xs font-light w-10 text-center opacity-40"
            role="presentation"
          >
            |
          </span>
          <span
            class="text-xs font-light w-10 text-center opacity-40"
            role="presentation"
          >
            |
          </span>
          <span
            class="text-xs font-light w-10 text-center opacity-40"
            role="presentation"
          >
            |
          </span>
          <span
            class="text-xs font-light w-10 text-center opacity-40"
            role="presentation"
          >
            |
          </span>
          <span
            class="text-xs font-light w-10 text-center opacity-40"
            role="presentation"
          >
            |
          </span>
          <span
            class="text-xs font-light w-10 text-center opacity-40"
            role="presentation"
          >
            |
          </span>
          <span
            class="text-xs font-light w-10 text-center opacity-40"
            role="presentation"
          >
            |
          </span>
          <span
            class="text-xs font-light w-10 text-center opacity-40"
            role="presentation"
          >
            |
          </span>
          <span
            class="text-xs font-light w-10 text-center opacity-40"
            role="presentation"
          >
            |
          </span>
          <span
            class="text-xs font-light w-10 text-center opacity-40"
            role="presentation"
          >
            |
          </span>
          <span
            class="text-xs font-light w-10 text-center opacity-40"
            role="presentation"
          >
            |
          </span>
          <span
            class="text-xs font-light w-10 text-center opacity-40"
            role="presentation"
          >
            |
          </span>
          <span
            class="text-xs font-light w-10 text-center opacity-40"
            role="presentation"
          >
            |
          </span>
          <span
            class="text-xs font-light w-10 text-center opacity-40"
            role="presentation"
          >
            |
          </span>
          <span
            class="text-xs font-light w-10 text-center opacity-40"
            role="presentation"
          >
            |
          </span>
          <span
            class="text-xs font-light w-10 text-center opacity-40"
            role="presentation"
          >
            |
          </span>
          <span
            class="text-xs font-light w-10 text-center opacity-40"
            role="presentation"
          >
            |
          </span>
          <span
            class="text-xs font-light w-10 text-center opacity-40"
            role="presentation"
          >
            |
          </span>
          <span
            class="text-xs font-light w-10 text-center opacity-40"
            role="presentation"
          >
            |
          </span>
          <span
            class="text-xs font-light w-10 text-center opacity-40"
            role="presentation"
          >
            |
          </span>
          <span
            class="text-xs font-light w-10 text-center opacity-40"
            role="presentation"
          >
            |
          </span>
          <span
            class="text-xs font-light w-10 text-center opacity-40"
            role="presentation"
          >
            |
          </span>
          <span
            class="text-xs font-light w-10 text-center opacity-40"
            role="presentation"
          >
            |
          </span>
          <span
            class="text-xs font-light w-10 text-center opacity-40"
            role="presentation"
          >
            |
          </span>
          <span
            class="text-xs font-light w-10 text-center opacity-40"
            role="presentation"
          >
            |
          </span>
          <span
            class="text-xs font-light w-10 text-center opacity-40"
            role="presentation"
          >
            |
          </span>
          <span
            class="text-xs font-light w-10 text-center opacity-40"
            role="presentation"
          >
            |
          </span>
          <span
            class="text-xs font-light w-10 text-center opacity-40"
            role="presentation"
          >
            |
          </span>
          <span
            class="text-xs font-light w-10 text-center opacity-40"
            role="presentation"
          >
            |
          </span>
          <span
            class="text-xs font-light w-10 text-center opacity-40"
            role="presentation"
          >
            |
          </span>
          <span
            class="text-xs font-light w-10 text-center opacity-40"
            role="presentation"
          >
            |
          </span>
          <span
            class="text-xs font-light w-10 text-center opacity-40"
            role="presentation"
          >
            |
          </span>
          <span
            class="text-xs font-light w-10 text-center opacity-40"
            role="presentation"
          >
            |
          </span>
          <span
            class="text-xs font-light w-10 text-center opacity-40"
            role="presentation"
          >
            |
          </span>
          <span
            class="text-xs font-light w-10 text-center opacity-40"
            role="presentation"
          >
            |
          </span>
          <span
            class="text-xs font-light w-10 text-center opacity-40"
            role="presentation"
          >
            |
          </span>
          <span
            class="text-xs font-light w-10 text-center opacity-40"
            role="presentation"
          >
            |
          </span>
          <span
            class="text-xs font-light w-10 text-center"
            role="presentation"
          >
            50
          </span>
          <span
            class="text-xs font-light w-10 text-center opacity-40"
            role="presentation"
          >
            |
          </span>
          <span
            class="text-xs font-light w-10 text-center opacity-40"
            role="presentation"
          >
            |
          </span>
          <span
            class="text-xs font-light w-10 text-center opacity-40"
            role="presentation"
          >
            |
          </span>
          <span
            class="text-xs font-light w-10 text-center opacity-40"
            role="presentation"
          >
            |
          </span>
          <span
            class="text-xs font-light w-10 text-center opacity-40"
            role="presentation"
          >
            |
          </span>
          <span
            class="text-xs font-light w-10 text-center opacity-40"
            role="presentation"
          >
            |
          </span>
          <span
            class="text-xs font-light w-10 text-center opacity-40"
            role="presentation"
          >
            |
          </span>
          <span
            class="text-xs font-light w-10 text-center opacity-40"
            role="presentation"
          >
            |
          </span>
          <span
            class="text-xs font-light w-10 text-center opacity-40"
            role="presentation"
          >
            |
          </span>
          <span
            class="text-xs font-light w-10 text-center opacity-40"
            role="presentation"
          >
            |
          </span>
          <span
            class="text-xs font-light w-10 text-center opacity-40"
            role="presentation"
          >
            |
          </span>
          <span
            class="text-xs font-light w-10 text-center opacity-40"
            role="presentation"
          >
            |
          </span>
          <span
            class="text-xs font-light w-10 text-center opacity-40"
            role="presentation"
          >
            |
          </span>
          <span
            class="text-xs font-light w-10 text-center opacity-40"
            role="presentation"
          >
            |
          </span>
          <span
            class="text-xs font-light w-10 text-center opacity-40"
            role="presentation"
          >
            |
          </span>
          <span
            class="text-xs font-light w-10 text-center opacity-40"
            role="presentation"
          >
            |
          </span>
          <span
            class="text-xs font-light w-10 text-center opacity-40"
            role="presentation"
          >
            |
          </span>
          <span
            class="text-xs font-light w-10 text-center opacity-40"
            role="presentation"
          >
            |
          </span>
          <span
            class="text-xs font-light w-10 text-center opacity-40"
            role="presentation"
          >
            |
          </span>
          <span
            class="text-xs font-light w-10 text-center opacity-40"
            role="presentation"
          >
            |
          </span>
          <span
            class="text-xs font-light w-10 text-center opacity-40"
            role="presentation"
          >
            |
          </span>
          <span
            class="text-xs font-light w-10 text-center opacity-40"
            role="presentation"
          >
            |
          </span>
          <span
            class="text-xs font-light w-10 text-center opacity-40"
            role="presentation"
          >
            |
          </span>
          <span
            class="text-xs font-light w-10 text-center opacity-40"
            role="presentation"
          >
            |
          </span>
          <span
            class="text-xs font-light w-10 text-center opacity-40"
            role="presentation"
          >
            |
          </span>
          <span
            class="text-xs font-light w-10 text-center opacity-40"
            role="presentation"
          >
            |
          </span>
          <span
            class="text-xs font-light w-10 text-center opacity-40"
            role="presentation"
          >
            |
          </span>
          <span
            class="text-xs font-light w-10 text-center opacity-40"
            role="presentation"
          >
            |
          </span>
          <span
            class="text-xs font-light w-10 text-center opacity-40"
            role="presentation"
          >
            |
          </span>
          <span
            class="text-xs font-light w-10 text-center opacity-40"
            role="presentation"
          >
            |
          </span>
          <span
            class="text-xs font-light w-10 text-center opacity-40"
            role="presentation"
          >
            |
          </span>
          <span
            class="text-xs font-light w-10 text-center opacity-40"
            role="presentation"
          >
            |
          </span>
          <span
            class="text-xs font-light w-10 text-center opacity-40"
            role="presentation"
          >
            |
          </span>
          <span
            class="text-xs font-light w-10 text-center opacity-40"
            role="presentation"
          >
            |
          </span>
          <span
            class="text-xs font-light w-10 text-center opacity-40"
            role="presentation"
          >
            |
          </span>
          <span
            class="text-xs font-light w-10 text-center opacity-40"
            role="presentation"
          >
            |
          </span>
          <span
            class="text-xs font-light w-10 text-center opacity-40"
            role="presentation"
          >
            |
          </span>
          <span
            class="text-xs font-light w-10 text-center opacity-40"
            role="presentation"
          >
            |
          </span>
          <span
            class="text-xs font-light w-10 text-center opacity-40"
            role="presentation"
          >
            |
          </span>
          <span
            class="text-xs font-light w-10 text-center opacity-40"
            role="presentation"
          >
            |
          </span>
          <span
            class="text-xs font-light w-10 text-center opacity-40"
            role="presentation"
          >
            |
          </span>
          <span
            class="text-xs font-light w-10 text-center opacity-40"
            role="presentation"
          >
            |
          </span>
          <span
            class="text-xs font-light w-10 text-center opacity-40"
            role="presentation"
          >
            |
          </span>
          <span
            class="text-xs font-light w-10 text-center opacity-40"
            role="presentation"
          >
            |
          </span>
          <span
            class="text-xs font-light w-10 text-center opacity-40"
            role="presentation"
          >
            |
          </span>
          <span
            class="text-xs font-light w-10 text-center opacity-40"
            role="presentation"
          >
            |
          </span>
          <span
            class="text-xs font-light w-10 text-center opacity-40"
            role="presentation"
          >
            |
          </span>
          <span
            class="text-xs font-light w-10 text-center opacity-40"
            role="presentation"
          >
            |
          </span>
          <span
            class="text-xs font-light w-10 text-center opacity-40"
            role="presentation"
          >
            |
          </span>
          <span
            class="text-xs font-light w-10 text-center"
            role="presentation"
          >
            100
          </span>
        </div>
      </span>
    </div>
  </div>,
  "debug": [Function],
  "findAllByAltText": [Function],
  "findAllByDisplayValue": [Function],
  "findAllByLabelText": [Function],
  "findAllByPlaceholderText": [Function],
  "findAllByRole": [Function],
  "findAllByTestId": [Function],
  "findAllByText": [Function],
  "findAllByTitle": [Function],
  "findByAltText": [Function],
  "findByDisplayValue": [Function],
  "findByLabelText": [Function],
  "findByPlaceholderText": [Function],
  "findByRole": [Function],
  "findByTestId": [Function],
  "findByText": [Function],
  "findByTitle": [Function],
  "getAllByAltText": [Function],
  "getAllByDisplayValue": [Function],
  "getAllByLabelText": [Function],
  "getAllByPlaceholderText": [Function],
  "getAllByRole": [Function],
  "getAllByTestId": [Function],
  "getAllByText": [Function],
  "getAllByTitle": [Function],
  "getByAltText": [Function],
  "getByDisplayValue": [Function],
  "getByLabelText": [Function],
  "getByPlaceholderText": [Function],
  "getByRole": [Function],
  "getByTestId": [Function],
  "getByText": [Function],
  "getByTitle": [Function],
  "queryAllByAltText": [Function],
  "queryAllByDisplayValue": [Function],
  "queryAllByLabelText": [Function],
  "queryAllByPlaceholderText": [Function],
  "queryAllByRole": [Function],
  "queryAllByTestId": [Function],
  "queryAllByText": [Function],
  "queryAllByTitle": [Function],
  "queryByAltText": [Function],
  "queryByDisplayValue": [Function],
  "queryByLabelText": [Function],
  "queryByPlaceholderText": [Function],
  "queryByRole": [Function],
  "queryByTestId": [Function],
  "queryByText": [Function],
  "queryByTitle": [Function],
  "rerender": [Function],
  "unmount": [Function],
}
`;
