// Jest Snapshot v1, https://goo.gl/fbAQLP

exports[`components/settings-modal.js should render itself & its children (closed modal) 1`] = `null`;

exports[`components/settings-modal.js should render itself & its children (open modal) 1`] = `
<div>
  <h3
    className="modal-title"
  >
    Settings
    <span
      className="octicon octicon-x btn-close pull-right"
      onClick={[Function]}
    />
  </h3>
  <div
    className="row setting"
  >
    <div>
      <strong>
        Show only participating
      </strong>
      <input
        checked={false}
        onChange={[Function]}
        type="checkbox"
      />
    </div>
  </div>
  <div
    className="row setting"
  >
    <div>
      <strong>
        Play sound
      </strong>
      <input
        checked={true}
        onChange={[Function]}
        type="checkbox"
      />
    </div>
  </div>
  <div
    className="row setting"
  >
    <div>
      <strong>
        Show notifications
      </strong>
      <input
        checked={true}
        onChange={[Function]}
        type="checkbox"
      />
    </div>
  </div>
  <div
    className="row setting"
  >
    <div>
      <strong>
        On Click, Mark as Read
      </strong>
      <input
        checked={false}
        onChange={[Function]}
        type="checkbox"
      />
    </div>
  </div>
  <div
    className="row setting"
  >
    <div>
      <strong>
        Open at startup
      </strong>
      <input
        checked={false}
        onChange={[Function]}
        type="checkbox"
      />
    </div>
  </div>
  <div>
    <div>
      <strong>
        Both Icons
      </strong>
      <input
        checked={undefined}
        onChange={[Function]}
        type="radio"
        value="both"
      />
    </div>
    <div>
      <strong>
        Tray Icon
      </strong>
      <input
        checked={undefined}
        onChange={[Function]}
        type="radio"
        value="tray"
      />
    </div>
    <div>
      <strong>
        Dock Icon
      </strong>
      <input
        checked={undefined}
        onChange={[Function]}
        type="radio"
        value="dock"
      />
    </div>
  </div>
  <button
    className="btn btn-block btn-outline-danger btn-logout"
    onClick={[Function]}
  >
    <span
      className="octicon octicon-sign-out"
    />
     Logout
  </button>
</div>
`;
