// Jest Snapshot v1, https://goo.gl/fbAQLP

exports[`routes/LoginWithToken.js renders correctly 1`] = `
<div
  className="flex-1 bg-white dark:bg-gray-dark dark:text-white"
>
  <div
    className="flex justify-between items-center mt-4 py-2 mx-8"
  >
    <button
      aria-label="Go Back"
      className="focus:outline-none"
      onClick={[Function]}
    >
      <svg
        aria-hidden="true"
        className="hover:text-gray-400"
        dangerouslySetInnerHTML={
          Object {
            "__html": "<path fill-rule=\\"evenodd\\" d=\\"M7.78 12.53a.75.75 0 01-1.06 0L2.47 8.28a.75.75 0 010-1.06l4.25-4.25a.75.75 0 011.06 1.06L4.81 7h7.44a.75.75 0 010 1.5H4.81l2.97 2.97a.75.75 0 010 1.06z\\"></path>",
          }
        }
        fill="currentColor"
        height={20}
        role="img"
        style={
          Object {
            "display": "inline-block",
            "userSelect": "none",
            "verticalAlign": "text-bottom",
          }
        }
        viewBox="0 0 16 16"
        width={20}
      />
    </button>
    <h3
      className="text-lg font-semibold"
    >
      Login with an access token
    </h3>
  </div>
  <div
    className="flex-1 px-8"
  >
    <form
      onSubmit={[Function]}
    >
      <div
        className="mt-2"
      >
        <label
          className="block tracking-wide text-grey-dark text-sm font-semibold mb-2"
          htmlFor="token"
        >
          Token
        </label>
        <input
          className="appearance-none block w-full dark:text-gray-800 bg-gray-100 border border-red rounded py-1.5 px-4 mb-2 focus:bg-gray-200 focus:outline-none"
          id="token"
          name="token"
          onBlur={[Function]}
          onChange={[Function]}
          onFocus={[Function]}
          placeholder="The 40 characters token generated on GitHub"
          required={false}
          type="text"
          value=""
        />
        <div
          className="mt-3 text-gray-700 dark:text-gray-200 text-xs"
        >
          To generate a token, go to GitHub,
           
          <a
            className="underline hover:text-gray-500 dark:hover:text-gray-300  cursor-pointer"
            onClick={[Function]}
          >
            personal access tokens
          </a>
           
          and create one with the
           
          <span
            className="underline font-extrabold text-yellow-500"
          >
            read:user, notifications
             
          </span>
          scopes.
        </div>
      </div>
      <div
        className="mt-2"
      >
        <label
          className="block tracking-wide text-grey-dark text-sm font-semibold mb-2"
          htmlFor="hostname"
        >
          Hostname
        </label>
        <input
          className="appearance-none block w-full dark:text-gray-800 bg-gray-100 border border-red rounded py-1.5 px-4 mb-2 focus:bg-gray-200 focus:outline-none"
          id="hostname"
          name="hostname"
          onBlur={[Function]}
          onChange={[Function]}
          onFocus={[Function]}
          placeholder="github.company.com"
          required={false}
          type="text"
          value="github.com"
        />
        <div
          className="mt-3 text-gray-700 dark:text-gray-200 text-xs"
        >
          Defaults to github.com. Change only if you are using GitHub for Enterprise.
        </div>
      </div>
      <button
        className="float-right px-4 py-2 my-4 bg-gray-300 font-semibold rounded text-sm text-center hover:bg-gray-500 hover:text-white dark:text-black focus:outline-none"
        disabled={true}
        title="Submit Button"
        type="submit"
      >
        Submit
      </button>
    </form>
  </div>
</div>
`;
