// Jest Snapshot v1, https://jestjs.io/docs/snapshot-testing

exports[`renderer/components/primitives/EmojiText.tsx should render 1`] = `
<div>
  <div
    data-color-mode="light"
    data-dark-theme="dark"
    data-light-theme="light"
  >
    <div
      class="prc-src-BaseStyles-aopSS"
      data-portal-root="true"
    >
      <div
        class="text-7xl"
      >
        <img
          alt="🍺"
          class="emoji"
          draggable="false"
          src="/mock/images/assets/1f37a.svg"
        />
      </div>
    </div>
  </div>
</div>
`;
