// Jest Snapshot v1, https://goo.gl/fbAQLP

exports[`renderer/utils/emojis.ts emoji code points 1`] = `
[
  "1f389",
  "1f38a",
  "1f973",
  "1f44f",
  "1f64c",
  "1f60e",
  "1f3d6-fe0f",
  "1f680",
  "2728",
  "1f3c6",
  "1f513",
  "1f52d",
  "1f6dc",
  "1f62e-200d-1f4a8",
  "1f914",
  "1f972",
  "1f633",
  "1fae0",
  "1f643",
  "1f648",
]
`;
