// Jest Snapshot v1, https://goo.gl/fbAQLP

exports[` 1`] = `
{
  "$$typeof": Symbol(react.forward_ref),
  "render": [Function],
}
`;

exports[` 2`] = `
{
  "$$typeof": Symbol(react.forward_ref),
  "render": [Function],
}
`;

exports[` 3`] = `
{
  "$$typeof": Symbol(react.forward_ref),
  "render": [Function],
}
`;

exports[` 4`] = `
{
  "$$typeof": Symbol(react.forward_ref),
  "render": [Function],
}
`;

exports[` 5`] = `
{
  "$$typeof": Symbol(react.forward_ref),
  "render": [Function],
}
`;

exports[`renderer/utils/icons.ts getNotificationTypeIconColor should format the notification color for check suite 1`] = `"text-primer-muted"`;

exports[`renderer/utils/icons.ts getNotificationTypeIconColor should format the notification color for check suite 2`] = `"text-primer-closed"`;

exports[`renderer/utils/icons.ts getNotificationTypeIconColor should format the notification color for check suite 3`] = `"text-primer-muted"`;

exports[`renderer/utils/icons.ts getNotificationTypeIconColor should format the notification color for check suite 4`] = `"text-primer-open"`;

exports[`renderer/utils/icons.ts getNotificationTypeIconColor should format the notification color for check suite 5`] = `"text-primer-muted"`;

exports[`renderer/utils/icons.ts getNotificationTypeIconColor should format the notification color for state 1`] = `"text-primer-open"`;

exports[`renderer/utils/icons.ts getNotificationTypeIconColor should format the notification color for state 2`] = `"text-primer-closed"`;

exports[`renderer/utils/icons.ts getNotificationTypeIconColor should format the notification color for state 3`] = `"text-primer-done"`;

exports[`renderer/utils/icons.ts getNotificationTypeIconColor should format the notification color for state 4`] = `"text-primer-muted"`;

exports[`renderer/utils/icons.ts getNotificationTypeIconColor should format the notification color for state 5`] = `"text-primer-done"`;

exports[`renderer/utils/icons.ts getNotificationTypeIconColor should format the notification color for state 6`] = `"text-primer-muted"`;

exports[`renderer/utils/icons.ts getNotificationTypeIconColor should format the notification color for state 7`] = `"text-primer-open"`;

exports[`renderer/utils/icons.ts getNotificationTypeIconColor should format the notification color for state 8`] = `"text-primer-open"`;

exports[`renderer/utils/icons.ts getNotificationTypeIconColor should format the notification color for state 9`] = `"text-primer-done"`;

exports[`renderer/utils/icons.ts getNotificationTypeIconColor should format the notification color for state 10`] = `"text-primer-muted"`;
