// Jest Snapshot v1, https://goo.gl/fbAQLP

exports[`routes/enterprise-login.js renders correctly 1`] = `
<div
  className="sc-htoDjs ddZehC"
>
  <div
    className="sc-dnqmqq beAaSt"
  >
    <h3
      className="sc-iwsKbI cFqXrH"
    >
      Login to GitHub Enterprise
    </h3>
    <button
      aria-label="Go Back"
      className="sc-gZMcBi ecMPTh"
      onClick={[Function]}
    >
      ×
    </button>
  </div>
  <form
    onSubmit={[Function]}
  >
    <div
      className="sc-bdVaJa iJGcvD"
    >
      <label
        className="sc-bwzfXH cLhogj"
        htmlFor="hostname"
      >
        Hostname
      </label>
      <input
        className="sc-htpNat kFErTq"
        id="hostname"
        name="hostname"
        onBlur={[Function]}
        onChange={[Function]}
        onFocus={[Function]}
        placeholder="github.company.com"
        type="text"
        value=""
      />
    </div>
    <div
      className="sc-bdVaJa iJGcvD"
    >
      <label
        className="sc-bwzfXH cLhogj"
        htmlFor="clientId"
      >
        Client ID
      </label>
      <input
        className="sc-htpNat kFErTq"
        id="clientId"
        name="clientId"
        onBlur={[Function]}
        onChange={[Function]}
        onFocus={[Function]}
        placeholder="123456789"
        type="text"
        value=""
      />
    </div>
    <div
      className="sc-bdVaJa iJGcvD"
    >
      <label
        className="sc-bwzfXH cLhogj"
        htmlFor="clientSecret"
      >
        Client Secret
      </label>
      <input
        className="sc-htpNat kFErTq"
        id="clientSecret"
        name="clientSecret"
        onBlur={[Function]}
        onChange={[Function]}
        onFocus={[Function]}
        placeholder="ABC123DEF456"
        type="text"
        value=""
      />
    </div>
    <button
      className="sc-gzVnrw dSexuG"
      disabled={true}
      type="submit"
    >
      <div
        title="GitHub"
      >
        FAIcon
        GitHub
      </div>
      <span>
        Login to GitHub Enterprise
      </span>
    </button>
  </form>
</div>
`;
