// Vitest Snapshot v1, https://vitest.dev/guide/snapshot.html

exports[`renderer/components/settings/SettingsFooter.tsx > should show app version 1`] = `
<button
  aria-describedby="«r1»-loading-announcement «r0»"
  class="prc-Button-ButtonBase-c50BI"
  data-loading="false"
  data-no-visuals="true"
  data-size="medium"
  data-testid="settings-release-notes"
  data-variant="default"
  type="button"
>
  <span
    class="prc-Button-ButtonContent-HKbr-"
    data-align="center"
    data-component="buttonContent"
  >
    <span
      class="prc-Button-Label-pTQ3x"
      data-component="text"
    >
      Gitify
       
      v0.0.1
    </span>
  </span>
</button>
`;
