// Jest Snapshot v1, https://goo.gl/fbAQLP

exports[`components/all-read.tsx should render itself & its children 1`] = `
<div
  className="sc-AykKC iqXGQ"
>
  <div
    className="sc-AykKD dxnFup"
  >
    😉
  </div>
  <h2
    className="sc-AykKE kxNnyc"
  />
  <h4
    className="sc-AykKF hXdduO"
  >
    No new notifications.
  </h4>
</div>
`;
